Build output will be captured here